// Jest Snapshot v1, https://goo.gl/fbAQLP

exports[`App component renders properly 1`] = `
<div
  style={
    Object {
      "textAlign": "center",
    }
  }
>
  <h1>
    Star Wars People
  </h1>
  <SearchPeople
    fetchPeople={[Function]}
  />
  <div
    id="people-container"
  />
  <FooterNav
    fetchPeople={[Function]}
    loadingPeople={true}
    next={null}
    prev={null}
  />
</div>
`;

exports[`FooterNav component renders properly 1`] = `
<footer>
  <button
    disabled={false}
    onClick={[Function]}
    type="button"
  >
    Prev
  </button>
  <button
    disabled={false}
    onClick={[Function]}
    type="button"
  >
    Next
  </button>
</footer>
`;
